[2026-08-09 00:28:01] ERROR: Falha ao iniciar túnel Ngrok
[2026-08-09 00:28:11] ERROR: Falha ao iniciar servidor PHP
[2026-08-09 00:28:17] ERROR: Falha ao iniciar servidor PHP
[2026-08-09 00:28:45] ERROR: Falha ao iniciar servidor PHP
[2026-08-09 00:28:56] ERROR: Falha ao iniciar servidor PHP
[2026-08-09 00:29:05] ERROR: Falha ao iniciar servidor PHP
[2026-08-09 00:29:15] ERROR: Falha ao iniciar servidor PHP
[2026-08-09 16:22:42] ERROR: Falha ao iniciar túnel Ngrok
[2026-08-09 16:22:55] ERROR: Falha ao iniciar servidor PHP
[2026-08-09 16:23:00] ERROR: Falha ao iniciar servidor PHP
[2026-08-09 16:25:22] ERROR: Falha ao iniciar túnel Ngrok
[2026-08-09 16:26:08] ERROR: Falha ao iniciar servidor PHP
[2026-08-09 16:33:27] ERROR: Cloudflare não encontrado
[2026-08-09 16:34:39] ERROR: Falha ao iniciar servidor PHP
[2026-08-09 16:34:48] ERROR: Falha ao iniciar servidor PHP
[2026-08-09 16:34:53] ERROR: Falha ao iniciar servidor PHP
[2026-08-09 21:35:48] ERROR: Erro: Diretório do template não foi criado!
[2026-08-09 21:35:52] ERROR: Erro: Diretório do template não foi criado!
[2026-08-09 21:35:56] ERROR: Erro: Diretório do template não foi criado!
[2026-08-09 21:36:00] ERROR: Por favor, digite um número válido!
[2026-08-09 21:36:08] ERROR: Erro: Diretório do template não foi criado!
[2026-08-09 21:36:10] ERROR: Erro: Diretório do template não foi criado!
[2026-08-09 21:36:12] ERROR: Erro: Diretório do template não foi criado!
[2026-08-09 21:36:45] ERROR: Erro: Diretório do template não foi criado!
[2026-08-09 21:36:50] ERROR: Erro: Diretório do template não foi criado!
[2026-08-09 21:36:53] ERROR: Erro: Diretório do template não foi criado!
[2026-08-09 21:36:54] ERROR: Erro: Diretório do template não foi criado!
[2026-08-09 21:36:58] ERROR: Erro: Diretório do template não foi criado!
[2026-08-09 21:37:01] ERROR: Erro: Diretório do template não foi criado!
[2026-08-09 21:52:00] ERROR: Falha ao iniciar servidor PHP
[2026-08-09 21:52:08] ERROR: Cloudflare parou inesperadamente!
[2026-08-09 21:52:26] ERROR: Falha ao iniciar servidor PHP
[2026-08-09 21:52:36] ERROR: Falha ao iniciar servidor PHP
[2026-08-09 21:52:38] ERROR: Erro: Diretório do template não foi criado!
[2026-08-09 21:52:40] ERROR: Erro: Diretório do template não foi criado!
[2026-08-09 21:52:45] ERROR: Erro: Diretório do template não foi criado!
[2026-08-09 21:53:20] ERROR: Falha ao iniciar servidor PHP
[2026-08-09 22:08:58] ERROR: Erro: Diretório do template não foi criado!
[2026-08-09 22:09:00] ERROR: Erro: Diretório do template não foi criado!
[2026-08-09 22:09:37] ERROR: Erro: Diretório do template não foi criado!
[2026-08-09 22:09:39] ERROR: Erro: Diretório do template não foi criado!
[2026-08-09 22:09:42] ERROR: Erro: Diretório do template não foi criado!
[2026-08-09 22:09:47] ERROR: Erro: Diretório do template não foi criado!
[2026-08-09 22:11:43] ERROR: Erro: Diretório do template não foi criado!
[2026-08-09 22:11:46] ERROR: Erro: Diretório do template não foi criado!
[2026-08-09 22:11:49] ERROR: Erro: Diretório do template não foi criado!
[2026-08-09 22:11:51] ERROR: Erro: Diretório do template não foi criado!
[2026-08-09 22:11:55] ERROR: Erro: Diretório do template não foi criado!
[2026-08-09 22:11:57] ERROR: Erro: Diretório do template não foi criado!
[2026-08-09 22:12:00] ERROR: Erro: Diretório do template não foi criado!
[2026-08-09 22:12:04] ERROR: Erro: Diretório do template não foi criado!
[2026-08-09 22:12:06] ERROR: Erro: Diretório do template não foi criado!
[2026-08-09 22:12:11] ERROR: Erro: Diretório do template não foi criado!
[2026-08-09 22:12:15] ERROR: Erro: Diretório do template não foi criado!
[2026-08-09 22:12:17] ERROR: Erro: Diretório do template não foi criado!
[2026-08-09 22:12:20] ERROR: Erro: Diretório do template não foi criado!
[2026-08-09 22:12:24] ERROR: Erro: Diretório do template não foi criado!
[2026-08-09 23:08:42] ERROR: Falha ao iniciar Serveo.
[2026-08-09 23:08:48] ERROR: Falha ao iniciar servidor PHP
[2026-08-09 23:08:53] ERROR: Falha ao iniciar servidor PHP
[2026-08-09 23:09:11] ERROR: Falha ao iniciar servidor PHP
[2026-08-09 23:09:23] ERROR: Falha ao iniciar servidor PHP
